
   PASS  Tests\Unit\ExampleTest
  Ô£ô that true is true                                                    0.27s  
[2026-03-08 14:41:50] local.INFO: Nouvel utilisateur inscrit {"user_id":1,"email":"test@magicfit.com","role":"utilisateur"} 
[2026-03-08 14:41:53] local.INFO: Connexion r├®ussie {"user_id":2,"email":"login@magicfit.com"} 
[2026-03-08 14:41:54] local.WARNING: Tentative de connexion ├®chou├®e {"email":"fail@magicfit.com","ip":"127.0.0.1"} 
[2026-03-08 14:41:54] local.INFO: D├®connexion {"user_id":4} 

   PASS  Tests\Feature\AuthTest
  Ô£ô register success                                                    18.52s  
  Ô£ô register validation fails                                            0.89s  
  Ô£ô login success                                                        1.45s  
  Ô£ô login fails with wrong password                                      0.78s  
  Ô£ô logout                                                               0.65s  
  Ô£ô me returns authenticated user                                        0.52s  
  Ô£ô me unauthenticated returns 401                                       0.62s  

   PASS  Tests\Feature\ExampleTest
  Ô£ô the application returns a successful response                        1.13s  

   FAIL  Tests\Feature\ExerciceTest
  Ô£ô index returns exercices                                              0.42s  
  Ô¿» store creates exercice                                               1.64s  
  Ô£ô store validation fails                                               0.79s  
  Ô¿» show returns exercice                                                0.62s  
  Ô£ô show returns 404 for missing                                         0.39s  
  Ô¿» destroy deletes exercice                                             0.80s  
  ÔöÇÔöÇÔöÇÔöÇÔöÇÔöÇÔöÇÔöÇÔöÇÔöÇÔöÇÔöÇÔöÇÔöÇÔöÇÔöÇÔöÇÔöÇÔöÇÔöÇÔöÇÔöÇÔöÇÔöÇÔöÇÔöÇÔöÇÔöÇÔöÇÔöÇÔöÇÔöÇÔöÇÔöÇÔöÇÔöÇÔöÇÔöÇÔöÇÔöÇÔöÇÔöÇÔöÇÔöÇÔöÇÔöÇÔöÇÔöÇÔöÇÔöÇÔöÇÔöÇÔöÇÔöÇÔöÇÔöÇÔöÇÔöÇÔöÇÔöÇÔöÇÔöÇÔöÇÔöÇÔöÇÔöÇÔöÇÔöÇÔöÇÔöÇÔöÇÔöÇÔöÇÔöÇÔöÇÔöÇ  
   FAILED  Tests\Feature\ExerciceTest > store creates exerciÔÇª  QueryException   
  SQLSTATE[42S22]: Column not found: 1054 Unknown column 'duree_minutes' in 'INSERT INTO' (Connection: mysql, SQL: insert into `programmes` (`nom`, `description`, `image`, `duree_minutes`, `objectif`, `updated_at`, `created_at`) values (Magni iusto eos eos., Ratione alias quos non dolores. Reiciendis tenetur voluptatem provident eaque qui. Repellat sunt repellendus architecto maiores., https://via.placeholder.com/640x480.png/00ee77?text=est, 66, Perte de poids, 2026-03-08 14:41:58, 2026-03-08 14:41:58))

  at vendor/laravel/framework/src/Illuminate/Database/Connection.php:829
    825Ôûò                     $this->getName(), $query, $this->prepareBindings($bindings), $e
    826Ôûò                 );
    827Ôûò             }
    828Ôûò 
  Ô×£ 829Ôûò             throw new QueryException(
    830Ôûò                 $this->getName(), $query, $this->prepareBindings($bindings), $e
    831Ôûò             );
    832Ôûò         }
    833Ôûò     }

      [2m+16 vendor frames [22m
  17  tests/Feature/ExerciceTest.php:35

  ÔöÇÔöÇÔöÇÔöÇÔöÇÔöÇÔöÇÔöÇÔöÇÔöÇÔöÇÔöÇÔöÇÔöÇÔöÇÔöÇÔöÇÔöÇÔöÇÔöÇÔöÇÔöÇÔöÇÔöÇÔöÇÔöÇÔöÇÔöÇÔöÇÔöÇÔöÇÔöÇÔöÇÔöÇÔöÇÔöÇÔöÇÔöÇÔöÇÔöÇÔöÇÔöÇÔöÇÔöÇÔöÇÔöÇÔöÇÔöÇÔöÇÔöÇÔöÇÔöÇÔöÇÔöÇÔöÇÔöÇÔöÇÔöÇÔöÇÔöÇÔöÇÔöÇÔöÇÔöÇÔöÇÔöÇÔöÇÔöÇÔöÇÔöÇÔöÇÔöÇÔöÇÔöÇÔöÇÔöÇ  
   FAILED  Tests\Feature\ExerciceTest > show returns exercicÔÇª  QueryException   
  SQLSTATE[42S22]: Column not found: 1054 Unknown column 'duree_minutes' in 'INSERT INTO' (Connection: mysql, SQL: insert into `programmes` (`nom`, `description`, `image`, `duree_minutes`, `objectif`, `updated_at`, `created_at`) values (Beatae aut aut et., Inventore et maiores dolorem quae quibusdam est dolor. Est tempore dolorem nihil dolore aliquam nemo doloribus voluptatum. Officiis non pariatur impedit hic. Totam similique voluptatem quidem., https://via.placeholder.com/640x480.png/0033bb?text=dolore, 62, Prise de masse, 2026-03-08 14:42:00, 2026-03-08 14:42:00))

  at vendor/laravel/framework/src/Illuminate/Database/Connection.php:829
    825Ôûò                     $this->getName(), $query, $this->prepareBindings($bindings), $e
    826Ôûò                 );
    827Ôûò             }
    828Ôûò 
  Ô×£ 829Ôûò             throw new QueryException(
    830Ôûò                 $this->getName(), $query, $this->prepareBindings($bindings), $e
    831Ôûò             );
    832Ôûò         }
    833Ôûò     }

      [2m+26 vendor frames [22m
  27  tests/Feature/ExerciceTest.php:64

  ÔöÇÔöÇÔöÇÔöÇÔöÇÔöÇÔöÇÔöÇÔöÇÔöÇÔöÇÔöÇÔöÇÔöÇÔöÇÔöÇÔöÇÔöÇÔöÇÔöÇÔöÇÔöÇÔöÇÔöÇÔöÇÔöÇÔöÇÔöÇÔöÇÔöÇÔöÇÔöÇÔöÇÔöÇÔöÇÔöÇÔöÇÔöÇÔöÇÔöÇÔöÇÔöÇÔöÇÔöÇÔöÇÔöÇÔöÇÔöÇÔöÇÔöÇÔöÇÔöÇÔöÇÔöÇÔöÇÔöÇÔöÇÔöÇÔöÇÔöÇÔöÇÔöÇÔöÇÔöÇÔöÇÔöÇÔöÇÔöÇÔöÇÔöÇÔöÇÔöÇÔöÇÔöÇÔöÇÔöÇ  
   FAILED  Tests\Feature\ExerciceTest > destroy deletes exerÔÇª  QueryException   
  SQLSTATE[42S22]: Column not found: 1054 Unknown column 'duree_minutes' in 'INSERT INTO' (Connection: mysql, SQL: insert into `programmes` (`nom`, `description`, `image`, `duree_minutes`, `objectif`, `updated_at`, `created_at`) values (Ducimus dolor facilis., Minus nostrum consequatur aliquam et quia corporis. Occaecati non et voluptatum atque error nobis nobis quas. Repellendus deserunt autem quod beatae hic illo quia., https://via.placeholder.com/640x480.png/0099ff?text=et, 65, Remise en forme, 2026-03-08 14:42:01, 2026-03-08 14:42:01))

  at vendor/laravel/framework/src/Illuminate/Database/Connection.php:829
    825Ôûò                     $this->getName(), $query, $this->prepareBindings($bindings), $e
    826Ôûò                 );
    827Ôûò             }
    828Ôûò 
  Ô×£ 829Ôûò             throw new QueryException(
    830Ôûò                 $this->getName(), $query, $this->prepareBindings($bindings), $e
    831Ôûò             );
    832Ôûò         }
    833Ôûò     }

      [2m+26 vendor frames [22m
  27  tests/Feature/ExerciceTest.php:85


  Tests:    3 failed, 12 passed (32 assertions)
  Duration: 33.29s

